// Jest Snapshot v1, https://goo.gl/fbAQLP

exports[`App snapshots 1`] = `
<div
  className="page"
>
  <div
    className="interactions"
  >
    <form
      onSubmit={[Function]}
    >
      <label
        style={
          Object {
            "padding": "4%",
          }
        }
      >
        Get results from api
      </label>
      <input
        onChange={[Function]}
        type="text"
        value="redux"
      />
      <button
        type="submit"
      >
        Submit
      </button>
    </form>
    <form>
      <label
        style={
          Object {
            "padding": "4%",
          }
        }
      >
        Filter results from API
      </label>
      <input
        onChange={[Function]}
        type="text"
        value=""
      />
    </form>
  </div>
  <div
    className="table"
  />
  <div
    className="interactions"
  >
    <button
      onClick={[Function]}
      type="button"
    >
      More
    </button>
  </div>
</div>
`;
